exports[`should log a build error message when the wpDevServer process emitted a wpDone message with an errorLog 1`] = `"["","---------------------------------------------------------------------------------------","webpack client build error","---------------------------------------------------------------------------------------","","Module build failed","","---------------------------------------------------------------------------------------"]"`;

exports[`should log a build started message when the wpDevServer process emitted a wpCompilation message 1`] = `"[\"webpack client build started...\"]"`;

exports[`should log a build success message when the wpDevServer process emitted a wpDone message with hasErrors false 1`] = `"[\"webpack client build finished after 1.5s\"]"`;
