exports[`should log a build error message when the wpWatchProcess emitted a wpDone message with an errorLog 1`] = `"[\"\",\"---------------------------------------------------------------------------------------\",\"\\u001b[31mwebpack server build error\\u001b[39m\",\"---------------------------------------------------------------------------------------\",\"\",\"Module build failed\",\"\",\"---------------------------------------------------------------------------------------\"]"`;

exports[`should log a build started message when the wpWatchProcess emitted a wpCompilation message 1`] = `"[\"\\u001b[33mwebpack server build\\u001b[39m started...\"]"`;

exports[`should log a build success message when the wpWatchProcess emitted a wpDone message with hasErrors false 1`] = `"[\"\\u001b[32mwebpack server build finished\\u001b[39m after 1.5s\"]"`;
